node.exe : - 
Building...
At line:1 char:1
+ & "C:\Program 
Files\nodejs/node.exe" 
"C:\Program 
Files\nodejs/node_mo 
...
+ ~~~~~~~~~~~~~~~~~~~~~
~~~~~~~~~~~~~~~~~~~~~~~
~~~~~~~~~~~~~~~~~~~~~~~
~~
    + CategoryInfo     
         : NotSpecifi  
  ed: (- Building...   
 :String) [], Remot    
eException
    + FullyQualifiedEr 
   rorId : NativeComm  
  andError
 

Initial chunk files   | Names              |   Raw size | Estimated transfer size
chunk-LEU3EU3T.js     | -                  |  299.03 kB |                76.60 kB
polyfills-FFHMD2TL.js | polyfills          |   33.71 kB |                11.02 kB
chunk-XVIZSXDX.js     | -                  |   19.64 kB |                 3.84 kB
main-EILOJYUG.js      | main               |    2.03 kB |               668 bytes
styles-3ZD5G5VL.css   | styles             | 1013 bytes |              1013 bytes

                      | Initial total      |  355.40 kB |                93.10 kB

Lazy chunk files      | Names              |   Raw size | Estimated transfer size
chunk-NK6WNGYC.js     | dashboard-module   |   19.40 kB |                 4.02 kB
chunk-VE4DUXJN.js     | ideas-module       |   15.15 kB |                 3.43 kB
chunk-AYOI4LXR.js     | graduation-module  |   13.97 kB |                 3.20 kB
chunk-SUSXJEG4.js     | auth-module        |   12.81 kB |                 2.52 kB
chunk-L3J5LRMA.js     | contact-module     |    8.06 kB |                 2.08 kB
chunk-OGSOTRHH.js     | events-news-module |    3.96 kB |                 1.25 kB
chunk-36PJW4DX.js     | doctor-module      |    3.49 kB |                 1.00 kB
chunk-Q7R74TGV.js     | templates-module   |    3.12 kB |               893 bytes
chunk-EAILV3A2.js     | admin-module       | 1023 bytes |              1023 bytes

Application bundle generation failed. [5.980 seconds]

Γû▓ [WARNING] src/app/s
hared/components/header
/header.component.scss 
exceeded maximum 
budget. Budget 2.00 kB 
was not met by 1.38 kB 
with a total of 3.38 
kB.


Γû▓ [WARNING] src/app/s
hared/components/footer
/footer.component.scss 
exceeded maximum 
budget. Budget 2.00 kB 
was not met by 1.30 kB 
with a total of 3.30 
kB.


Γû▓ [WARNING] src/app/f
eatures/graduation/grad
uation-form/graduation-
form.component.scss 
exceeded maximum 
budget. Budget 2.00 kB 
was not met by 785 
bytes with a total of 
2.77 kB.


Γû▓ [WARNING] src/app/f
eatures/dashboard/dashb
oard-home/dashboard-hom
e.component.scss 
exceeded maximum 
budget. Budget 2.00 kB 
was not met by 3.25 kB 
with a total of 5.25 
kB.


X [ERROR] src/app/featu
res/dashboard/dashboard
-home/dashboard-home.co
mponent.scss exceeded 
maximum budget. Budget 
4.00 kB was not met by 
1.25 kB with a total 
of 5.25 kB.


