cmd : Error: Unknown 
argument: stats
At line:1 char:1
+ cmd /c "npx ng 
build --no-stats" > 
build_errors.txt 2>&1
+ ~~~~~~~~~~~~~~~~~~~~
~~~~~~~~~~~~~~~~~~~~~~
~~~~~~~~~~~~~~
    + CategoryInfo    
          : NotSpeci  
  fied: (Error: Unk   
 nown argument: st    
ats:String) [], R    
emoteException
    + FullyQualifiedE 
   rrorId : NativeCo  
  mmandError
 
